{
    "Should run without failures": {
        "content": [
            "31ae18f6750ba691e561a8d73f1891a6",
            "6f79e4e024d43682611d3591e572e436",
            [
                "6676_cohort_raw_snps.indel.marked.target.pass.vep.gnmadF.maf.gz:md5,5c7055d88b8b7b3aa99c9315d9c43b2c"
            ]
        ],
        "meta": {
            "nf-test": "0.8.4",
            "nextflow": "23.10.1"
        },
        "timestamp": "2025-01-16T14:02:46.515696"
    }
}